2025-08-24 16:56:48,488 - INFO - 
		--- Starting On-Demand Log Processor ---
2025-08-24 16:56:48,488 - INFO - Found 1 new log file(s): SESSION_LOG_2025-08-24_16-56-42.json
2025-08-24 16:56:48,488 - INFO - 
--- Processing: SESSION_LOG_2025-08-24_16-56-42.json ---
2025-08-24 16:56:48,488 - INFO - Running calculation for SESSION_LOG_2025-08-24_16-56-42.json...
2025-08-24 16:56:48,702 - INFO -  - Calculation finished successfully.
2025-08-24 16:56:48,703 - INFO -  - Successfully processed and logged SESSION_LOG_2025-08-24_16-56-42.json.
2025-08-24 16:56:48,703 - INFO - Uploading Logs folder to configured repository...
2025-08-24 16:56:49,564 - INFO -  - Upload successful.
2025-08-24 16:56:51,028 - INFO - --- Script finished. ---
2025-08-24 16:56:53,088 - INFO - 
		--- Starting On-Demand Log Processor ---
2025-08-24 16:56:53,101 - INFO - Found 1 new log file(s): SESSION_LOG_2025-08-24_16-56-50.json
2025-08-24 16:56:53,101 - INFO - 
--- Processing: SESSION_LOG_2025-08-24_16-56-50.json ---
2025-08-24 16:56:53,101 - INFO - Running calculation for SESSION_LOG_2025-08-24_16-56-50.json...
2025-08-24 16:56:53,237 - INFO -  - Calculation finished successfully.
2025-08-24 16:56:53,238 - INFO -  - Successfully processed and logged SESSION_LOG_2025-08-24_16-56-50.json.
2025-08-24 16:56:53,238 - INFO - Uploading Logs folder to configured repository...
2025-08-24 16:56:53,796 - INFO -  - Upload successful.
2025-08-24 16:56:55,316 - INFO - --- Script finished. ---
2025-09-27 11:35:17,656 - INFO - 
		--- Starting On-Demand Log Processor ---
2025-09-27 11:35:17,657 - INFO - Found 1 new log file(s): SESSION_LOG_2025-09-27_11-29-05.json
2025-09-27 11:35:17,657 - INFO - 
--- Processing: SESSION_LOG_2025-09-27_11-29-05.json ---
2025-09-27 11:35:17,657 - INFO - Running calculation for SESSION_LOG_2025-09-27_11-29-05.json...
2025-09-27 11:35:17,892 - INFO -  - Calculation finished successfully.
2025-09-27 11:35:17,892 - INFO -  - Successfully processed and logged SESSION_LOG_2025-09-27_11-29-05.json.
2025-09-27 11:35:17,892 - INFO - Uploading Logs folder to configured repository...
2025-09-27 11:35:19,220 - INFO -  - Upload successful.
2025-09-27 11:35:20,853 - INFO - --- Script finished. ---
2025-09-27 11:35:54,623 - INFO - 
		--- Starting On-Demand Log Processor ---
2025-09-27 11:35:54,635 - INFO - Found 1 new log file(s): SESSION_LOG_2025-09-27_11-35-39.json
2025-09-27 11:35:54,635 - INFO - 
--- Processing: SESSION_LOG_2025-09-27_11-35-39.json ---
2025-09-27 11:35:54,635 - INFO - Running calculation for SESSION_LOG_2025-09-27_11-35-39.json...
2025-09-27 11:35:54,846 - INFO -  - Calculation finished successfully.
2025-09-27 11:35:54,846 - INFO -  - Successfully processed and logged SESSION_LOG_2025-09-27_11-35-39.json.
2025-09-27 11:35:54,846 - INFO - Uploading Logs folder to configured repository...
2025-09-27 11:35:55,623 - INFO -  - Upload successful.
2025-09-27 11:35:56,818 - INFO - --- Script finished. ---
